Or@@ land@@ o Blo@@ om und Mir@@ anda Ker@@ r lieben sich immer noch .
Schauspieler Or@@ land@@ o Blo@@ om und Model Mir@@ anda Ker@@ r wollen ihre eigenen Wege gehen .
in einem Interview sagte Blo@@ om jedoch , dass er und Ker@@ r einander immer noch lieben .
Mir@@ anda Ker@@ r und Or@@ land@@ o Blo@@ om sind Eltern im zwei@@ jährigen Fl@@ ynn .
der Schauspieler Or@@ land@@ o Blo@@ om kün@@ digte seine Trennung von seiner Frau , Super@@ model Mir@@ anda Ker@@ r .
in einem Interview mit der US ##AT##-##AT## Journ@@ alisti@@ n K@@ atie Cou@@ ric , die am Freitag ( Orts@@ zeit ) ausge@@ strahlt werden soll , sagte Blo@@ om : &quot; manchmal geht das Leben nicht genau so , wie wir planen oder hoffen &quot; .
er und Ker@@ r lieben sich immer noch , bet@@ on@@ ten den 36 ##AT##-##AT## J@@ ähri@@ gen .
&quot; wir werden einander unterstützen und uns als Eltern von Fl@@ ynn lieben &quot; .
Ker@@ r und Blo@@ om sind seit 2010 verhei@@ rat@@ et und ihr Sohn Fl@@ ynn wurde 2011 geboren .
Jet ##AT##-##AT## Hersteller feu@@ ern die Sitz@@ breite mit großen Auf@@ trägen auf dem Spiel .
auf Lang@@ stre@@ cken@@ flügen ist zwischen führenden Flug@@ zeu@@ gh@@ er@@ stellern eine Reihe über die Breite der Sit@@ ze der Touristen@@ klasse auf@@ get@@ au@@ cht , die den Ton für eine bit@@ tere Kon@@ fron@@ tation auf der Dubai Air@@ show in diesem Monat vor@@ gibt .
der Streit konzentriert sich auf die Sitz@@ breite , die auf Lang@@ stre@@ cken@@ flügen für Economy ##AT##-##AT## Passagiere angeboten wird - nicht immer diejenigen , die am meisten von Fluggesellschaften ho@@ fft werden , deren zu@@ gewi@@ es@@ ener Platz aber den Schlüssel zu Effizi@@ enz@@ an@@ sprüchen für die neuesten J@@ ets von Airbus SA@@ S und Boeing Co.
Airbus hat diese Woche einen Industri@@ est@@ and@@ ard gefordert , der einen Sitz von mindestens 18 Zoll ( 46 cm ) in Wirtschafts@@ kab@@ inen vorsieht , aber sein US ##AT##-##AT## Bo@@ gen@@ ri@@ v@@ ale Boeing sagt , dass es für Fluggesellschaften gelten sollte .
der Streit kommt , wenn Flug@@ zeu@@ gh@@ er@@ steller darum r@@ ingen , immer größere Versionen ihres zwei@@ mot@@ ori@@ gen Fern@@ flug@@ zeu@@ gs zu verkaufen , wobei potenzi@@ ell Rek@@ ord@@ auf@@ träge auf der Veranstaltung vom 17. bis 21. November zu erwarten sind .
wie die Rück@@ seite des Flug@@ zeu@@ gs angelegt ist - insbesondere ob die Sitz@@ plätze 9 oder 10 bel@@ aufen sind - ist von zentraler Bedeutung für die wirtschaftlichen Leistungs@@ ansprüche für neue &quot; mini ##AT##-##AT## j@@ umb@@ o &quot; Jet ##AT##-##AT## Designs .
Boeing sagt , dass seine über@@ arbeitete &quot; 7@@ 7@@ 7@@ X &quot; 4@@ 06 Personen auf der Grundlage von Wirtschafts@@ sitzen mehr als 17 Zoll breit halten und 10 in jeder Reihe .
Airbus sagt , dass die konkur@@ ri@@ erende Version der A3@@ 50 350 Personen in einem 18 ##AT##-##AT## Zoll ##AT##-##AT## großen Wirtschafts@@ sitz be@@ fördern wird , der 9 auf dem Vor@@ ru@@ h@@ est@@ and aufgestellt wurde .
Flugzeug@@ ri@@ esen handeln oft durch Werbung in der Fach@@ pres@@ se über technische Fragen .
die Boeing 7@@ 7@@ 7@@ X ist mit mehr als 100 Auf@@ trägen voraussichtlich direkt an die Öffentlichkeit her@@ anzu@@ treten .
vor kurzem hat sie den Beginn eines neuen Werbe@@ krie@@ ges vor@@ weg@@ genommen , indem sie Finanzi@@ ers eine R@@ ut@@ sche zeigte , die drei Menschen illu@@ stri@@ erte , die in einem Restaurant mit dem Titel &quot; W@@ ould You Acc@@ ept This ? &quot; zusammen@@ ge@@ worfen wurden .
„ Boeing schlägt Lang@@ stre@@ cken@@ flüge auf Sit@@ zen vor , die enger sind als regionale Tur@@ bo@@ pro@@ ps “ , sagte John Le@@ ah@@ y , Verkaufs@@ leiter von Airbus .
wenn sich die Di@@ äten ändern , werden die Menschen größer , aber die Sitz@@ plätze der Flugzeuge haben sich nicht radik@@ al verändert .
zwischen den frühen 197@@ 0er Jahren , als die Boeing 7@@ 47 J@@ umb@@ o moderne Lang@@ stre@@ cken@@ reisen definierte , und der Jahrhunder@@ t@@ wende , stieg das Gewicht des durchschnit@@ tlichen amerikanischen 40@@ - auf 49 ##AT##-##AT## jährigen M@@ annes um 10 Prozent , laut US ##AT##-##AT## Gesundheits@@ daten .
die T@@ ail@@ le des durchschnit@@ tlichen amerikanischen M@@ annes des 21. Jahrhunderts beträgt laut US ##AT##-##AT## Gesundheits@@ statisti@@ k 3@@ 9,@@ 7 Zoll .
Airbus sagt , dass sein Ri@@ v@@ ale an einem Sitz@@ konzept aus den 5@@ 0er Jahren fes@@ th@@ ront , als die durchschnittliche Gur@@ te des neu get@@ auf@@ ten &quot; Jet ##AT##-##AT## S@@ ets &quot; enger war .
Airbus sagt , dass es Forschung in Auftrag gegeben hat , die einen zusätzlichen Zoll an Sitz@@ breite vorschlägt , verbessert die Schlaf@@ qualität um 53 Prozent .
Boeing be@@ streit@@ et die Zahlen von Airbus über Sitz@@ messungen und sagt , dass es nicht Sache der Hersteller ist , Entscheidungen darüber zu treffen , wie die Fluggesellschaften ein Gleichgewicht ab@@ schaffen und Einrichtungen ab@@ wick@@ eln .
es sagt auch , dass Forschung zeigt Kab@@ inen@@ erfahr@@ ung hängt von mehr als der Breite eines Sit@@ zes .
&quot; es läuft wirklich darauf hinaus , den Fluggesellschaften Flexibilität zu bieten und ihnen zu ermöglichen , das zu tun , was sie ihrer Meinung nach tun müssen , um erfolgreich zu sein &quot; , sagte der Boeing ##AT##-##AT## Kab@@ inen ##AT##-##AT## Exper@@ te K@@ ent Cra@@ ver .
Sie wollen nicht , dass wir ihnen vorsch@@ reiben , was sie rent@@ abel macht .
Sie kennen ihr Geschäft besser als alle anderen .
bei Flug@@ blä@@ ttern geht es um mehr E@@ ll@@ en@@ bo@@ gen@@ raum , aber für Lieferanten ist es zunehmend ein Thema , das das Einkommen beeinflussen könnte .
hinter dem Streit steht ein Wett@@ lauf um Flug@@ auf@@ träge mit mindestens 700 Milliarden Dollar geschätz@@ tem Geschäft zu List@@ en@@ preisen in den kommenden Jahrzehnten , genug , um die Sk@@ alen der US ##AT##-##AT## amerikanischen und europäischen Exporte zu ki@@ ppen .
wie Re@@ u@@ ters im Juli erstmals berich@@ tete , ist das Sitz@@ layout genau das , was den Kampf zwischen den neuesten J@@ ets an@@ treibt .
sowohl Airbus als auch Boeing fordern in ihren neuesten zwei@@ mot@@ ori@@ gen Lang@@ stre@@ cken@@ designs 20 Prozent bessere Effizienz pro Sitz als der Markt@@ führer in diesem Segment , die 365 ##AT##-##AT## Sit@@ ze Boeing 7@@ 77 ##AT##-##AT## 300@@ ER .
Boeing 7@@ 77 ist die erste Boeing 7@@ 77 der Welt .
der Gewinn an Stück@@ kosten wird im Vergleich zu 10 ##AT##-##AT## Ab@@ re@@ ast , die jetzt in Gebrauch ist , ges@@ per@@ r@@ t .
&quot; der Grund , warum Boeing dies tut , ist , mehr Sit@@ ze einzu@@ legen , um ihr Flugzeug wettbewerbs@@ fähiger mit unseren Produkten zu machen &quot; , sagte Kevin Ken@@ ist@@ on , Leiter des Passagi@@ er@@ kom@@ forts bei Airbus in Europa .
auf der anderen Seite deuten Analy@@ sten darauf hin , dass volle 10 ##AT##-##AT## Sit@@ ze ##AT##-##AT## Kab@@ inen für bestehende 7@@ 7@@ er für viele Passagiere für das di@@ chter@@ e Layout stimmen , das mit billi@@ geren Tari@@ fen einher@@ gehen kann .
die Boeing 7@@ 77 ist die erste Boeing 7@@ 77 der Welt .
Airbus und Boeing liefern keine Sit@@ ze , sondern bieten einen Katalog von Lieferanten für Fluggesellschaften an , aus denen sie wählen können .
Glo@@ bus ##AT##-##AT## Ho@@ se ##AT##-##AT## Jet ##AT##-##AT## Verkäufer tragen sogar Band@@ maßnahmen , um konkur@@ ri@@ erende La@@ y@@ outs zu überprüfen .
alle Bau@@ herr@@ en bieten Komfort und J@@ ets mit hoher D@@ ichte für Billi@@ g@@ flug@@ linien und regionale Reisen .
Airbus bietet eine 10 ##AT##-##AT## min@@ ü@@ tige A3@@ 50 an , sagt aber , dass sie sie noch nicht verkauft hat .
bis vor kurzem bet@@ onte Airbus die Notwendigkeit einer weiteren Anpassung der Kab@@ inen , indem es auf einigen seiner J@@ ets breit@@ ere G@@ ang@@ sit@@ ze anbietet .
ohne die Unterstützung des einzigen anderen Herstell@@ ers großer moderner J@@ ets , sagen Experten , seine Forderung nach einem neuen Industri@@ est@@ and@@ ard ist wahrscheinlich nicht zu fliegen , könnte aber von einer Welle von 7@@ 7@@ 7@@ X Umsatz ab@@ lenken .
die FA@@ A lock@@ ert die Beschränkungen für die Verwendung elektronischer Geräte in Flugzeugen - obwohl Ch@@ atten auf Mobiltelef@@ onen immer noch verboten sind .
Kriegs@@ flug@@ zeuge greifen ein Geschäft russ@@ ischer Rak@@ eten in der Haf@@ enstadt Lat@@ akia an , sagt ein Beam@@ ter .
es ist eine offensich@@ tliche Fortsetzung der israelischen Kampagne , die Waffen davon abzu@@ halten , sich in der M@@ ide@@ ast zu verbreiten .
ein Bundes@@ k@@ lagen blockiert das Urteil eines Rich@@ ters , dass die um@@ strit@@ tene Tak@@ tik der N@@ Y@@ PD Minderheiten diskrimin@@ iert .
fast 100 afri@@ kanische Migranten , die darauf hoffen , nach Algerien zu reisen , sterben an Dur@@ st , nachdem ihre beiden Last@@ wagen mitten in der Sahara zusammen@@ gebrochen sind .
Experten sagen , dass Gewalt , die 14 Erwachsene und sieben Kinder tot ließ , nichts anderes ist als zu@@ fällige Chancen , kein Zeichen wachsen@@ der Gewalt in Amerika .
anstatt von der Still@@ legung der US ##AT##-##AT## Regierung über@@ sch@@ at@@ tet zu werden , haben sich die Investoren auf das konzentriert , was wahrscheinlich noch wichtiger ist : die Federal Reserve .
die kali@@ for@@ nische Frau plant , eine Art Zit@@ at herauszu@@ fordern , die besagt , dass die Internet ##AT##-##AT## an@@ geschlossene Bri@@ llen die Navigation erleichtern .
Polizei sagen , sie haben ein Video , das Bürger@@ meister Ro@@ b Ford scheint zu zeigen , Rauchen eine R@@ isse Pf@@ ei@@ fe .
selbst enge Verbün@@ dete halten die Dinge voneinander ab - und arbeiten jeden Win@@ kel , um herauszufinden , was zurück@@ gehalten wird .
der Vati@@ kan möchte wissen , wie katho@@ li@@ sch auf der ganzen Welt sensible Themen wie Empfän@@ gnis@@ ver@@ hütung , Schei@@ dung und Schw@@ ul@@ en@@ pa@@ are behandelt .
schwere Ver@@ letzte nach Kol@@ li@@ sion
am frühen Freit@@ ag@@ nach@@ mittag wurden zwei Auto@@ fahrer in einem fron@@ t@@ alen Zusammen@@ stoß an der Landes@@ straße 44 schwer verletzt .
die Polizei hat die Straße sofort völlig blockiert , konnte aber zunächst nicht viel zur Ursache des Un@@ falls sagen .
Sie haben jedoch erwähnt , dass es verschiedene Zeu@@ gen@@ aus@@ sagen gab , die zuerst bewertet werden mussten .
sicher ist , dass die 19 ##AT##-##AT## jährige wei@@ bliche Fahr@@ erin eines V@@ W Golf in Richtung Re@@ v@@ ens@@ dorf fährt und der 38 ##AT##-##AT## jährige Mann aus G@@ ett@@ or@@ f in seiner Hy@@ un@@ da@@ i zu ihr kam .
die beiden Fahrzeuge kol@@ li@@ dierten , wobei die Frau so stark fest@@ sa@@ ß , dass der Feuer@@ dienst fast eine halbe Stunde brau@@ chte , um sie von den Fahrzeug@@ w@@ ra@@ cken zu befreien .
zunächst blieb die eigentliche Ursache des Un@@ falls un@@ klar .
beide unglück@@ lichen Parteien wurden in nahe gelegene Kranken@@ häuser gebracht .
die Straße blieb etwa zwei Stunden lang vollständig blockiert .
Feuer@@ bes@@ atz@@ ungen , die zur Ret@@ tung verlor@@ ener Wel@@ pen aufgerufen wurden , nachdem sie auf pre@@ k@@ ären Aus@@ fall in einem Stein@@ bruch 50 ft über dem Boden stecken
Co@@ cker sp@@ ani@@ el Ru@@ by ist ab@@ gel@@ aufen , nachdem sie sich in einem kleinen Straßen@@ ab@@ stur@@ z befindet .
drei Tage später wurde sie von einem Hun@@ de@@ wand@@ ler entdeckt , der im Stein@@ bruch gefangen ist .
Feuer@@ wehr@@ leute besch@@ lag@@ nahmen Kli@@ ppen von An@@ ges@@ icht zu An@@ ges@@ icht auf den Hund aus einem bestimmten Tod .
ein Wel@@ pe hatte eine glück@@ liche Flucht , nachdem die Feuer@@ bes@@ atz@@ ungen aufgefordert wurden , sie in Sicherheit zu heben , als sie sich irgendwie auf einer pre@@ k@@ ären Kli@@ ppe auf 50@@ ft fest@@ stecken ließ .
der neun@@ mon@@ ati@@ ge Co@@ cker ##AT##-##AT## Sp@@ ani@@ el Ru@@ by war nach einem Straßen@@ crash am Sonn@@ ta@@ gn@@ ach@@ mittag ab@@ gef@@ eu@@ ert und über@@ lebte allein drei Tage , bevor er am Mittwoch aus einem Stein@@ bruch ger@@ et@@ tet wurde .
ihre Besitzer Scott Al@@ der@@ son , 25 , und seine Freun@@ din Be@@ cky Hall , 20 , waren in Fla@@ pp@@ it Quar@@ ry in Den@@ hol@@ me , West Yor@@ k@@ shire , um wieder mit Ru@@ by vereint zu werden und West Yor@@ k@@ shire Fire and Res@@ cue Service zu danken .
Sie hatten offen nach ihrem vermis@@ sten Hund gesucht und App@@ elle auf Social Net@@ working Sites veröffentlicht , nachdem sie nach dem kleinen Unfall in den Stein@@ bruch ge@@ flo@@ gen war .
um 14.@@ 15 Uhr am Mittwoch beobach@@ tete ein Ad@@ ler ##AT##-##AT## E@@ ure ##AT##-##AT## Hun@@ de@@ w@@ anderer Ru@@ by auf dem He@@ bel im Stein@@ bruch , str@@ ün@@ dete 50@@ ft .
ein Technical Res@@ cue Team von Cle@@ ck@@ he@@ aton Fire Station stür@@ zte in die Szene und ging hin@@ unter , um Ru@@ by zu retten .
die Fach@@ hoch@@ schule An@@ dy C@@ lay@@ ton sagte : &quot; Sie befindet sich in einer pre@@ k@@ ären Situation .
Sie war mitten in der Kli@@ ppe - 50@@ ft von oben und unten .
Sie bewe@@ gte während der Ret@@ tung keine Mus@@ keln - sie wurde fest einge@@ fr@@ oren .
aber sie ist jetzt in Ordnung .
danach isst sie K@@ ek@@ se .
das war ein sehr un@@ gewöhn@@ licher Aufruf .
die Tatsache , dass der Hund entdeckt wurde , ist unglaublich .
der Spezialist für Techn@@ ische Rettungs@@ kräfte Peter L@@ au sagte : &quot; Ru@@ by hatte eine sehr glück@@ liche Flucht . &quot;
das Potenzial bestand darin , dass sie sehr schwer verletzt oder schlechter hätte verletzt werden können .
Ru@@ by wurde zur Überprüfung in die Tier@@ är@@ zte gebracht und wurde als gut als Er@@ schö@@ pfung und D@@ eh@@ y@@ dr@@ at@@ ation bezeichnet .
Mis@@ s Hall aus H@@ ali@@ fax , West Yor@@ k@@ shire , sagte : &quot; die Ret@@ tung zu beobachten war er@@ schreck@@ end . &quot;
ich konnte nicht glauben , dass sie überhaupt da war .
es war erstaunlich , sie wieder in die Ar@@ me zu bekommen .
der Tier@@ ar@@ zt sagte , dass sie wahrscheinlich gefallen wäre , wenn sie zu erschö@@ pft und zusammen@@ gebrochen wäre .
die Feuer@@ wehr@@ leute waren erstaunlich .
es war wirklich gew@@ agt , was sie taten .
wir sind nur so dankbar , und jeder einzelne war absolut gewal@@ tig .
Herr Al@@ der@@ son fü@@ gte aus K@@ eigh@@ ley hinzu : &quot; wir für@@ chteten , dass sie fallen könnte , aber sie blieb dort . &quot;
die Feuer@@ wehr@@ leute waren bri@@ ll@@ ant .
ich kann einfach nicht glauben , wo sie war .
Bericht Obama ##AT##-##AT## Kampagne betra@@ chtete das Dum@@ ping von Bi@@ den für Hil@@ l@@ ary Clinton .
laut der New York Times über@@ legte Präsident Barack Ob@@ amas eng@@ ste Berater heim@@ lich , Vizepräsident Jo@@ e Bi@@ den durch Hil@@ l@@ ary Clinton auf dem Ticket 2012 zu ersetzen .
die Offen@@ bar@@ ung ist die bemerk@@ enswer@@ teste Bom@@ be von Mark Hal@@ per@@ in und John Hei@@ le@@ man@@ ns stark erwar@@ te@@ tem Kamp@@ ag@@ nen@@ tom@@ e 2012 , &quot; Double D@@ own : Game Change 2012 &quot; .
die Times erhielt eine Kopie des kommenden Bu@@ ches und berich@@ tete Don@@ nerst@@ ag@@ abend , dass die führenden Mitarbeiter des Präsidenten &quot; umfangreiche Gruppen@@ sitz@@ ungen und Wahl@@ ur@@ nen Ende 2011 &quot; durchgeführt haben , um zu beurteilen , ob das Dum@@ ping Bi@@ den dazu beitragen könnte , Ob@@ amas sch@@ win@@ gende Wieder@@ wahl@@ hoff@@ nungen zu stärken .
