297.51348877
323.35086060
308.66668701
304.00738525
290.16757202
264.55703735
307.27072144
267.86627197
281.67095947
264.18920898
