276.90930176
258.53686523
244.95483398
240.12124634
234.31253052
208.04850769
234.38320923
205.47990417
212.96972656
199.58921814
