Ep. 1 : Up. 4 : Sen. 128 : Cost 258.61
Ep. 1 : Up. 8 : Sen. 256 : Cost 270.31
Ep. 1 : Up. 12 : Sen. 384 : Cost 247.49
Ep. 1 : Up. 16 : Sen. 512 : Cost 242.03
Ep. 1 : Up. 20 : Sen. 640 : Cost 212.31
Ep. 1 : Up. 24 : Sen. 768 : Cost 251.66
Ep. 1 : Up. 28 : Sen. 896 : Cost 219.23
Ep. 1 : Up. 32 : Sen. 1024 : Cost 206.84
Ep. 2 : Up. 36 : Sen. 128 : Cost 218.87
Ep. 2 : Up. 40 : Sen. 256 : Cost 225.14
Ep. 2 : Up. 44 : Sen. 384 : Cost 202.45
Ep. 2 : Up. 48 : Sen. 512 : Cost 196.74
Ep. 2 : Up. 52 : Sen. 640 : Cost 172.96
Ep. 2 : Up. 56 : Sen. 768 : Cost 208.98
Ep. 2 : Up. 60 : Sen. 896 : Cost 186.23
Ep. 2 : Up. 64 : Sen. 1024 : Cost 178.91
