[valid] Ep. 1 : Up. 30 : cross-entropy : 299.654 : new best
[valid] Ep. 2 : Up. 60 : cross-entropy : 298.676 : new best
[valid] Ep. 3 : Up. 90 : cross-entropy : 293.624 : new best
[valid] Ep. 4 : Up. 120 : cross-entropy : 292.256 : new best
[valid] Ep. 5 : Up. 150 : cross-entropy : 291.772 : new best
[valid] Ep. 5 : Up. 160 : cross-entropy : 291.715 : new best
[valid] Ep. 6 : Up. 180 : cross-entropy : 291.344 : new best
[valid] Ep. 7 : Up. 210 : cross-entropy : 291.57 : stalled 1 times
[valid] Ep. 8 : Up. 240 : cross-entropy : 292.071 : stalled 2 times
