[valid] Ep. 1 : Up. 20 : translation : 333.5 : new best
[valid] Ep. 1 : Up. 20 : valid-script : 222.3 : new best
[valid] Ep. 1 : Up. 20 : cross-entropy : 249.337 : new best
[valid] Ep. 1 : Up. 40 : translation : 333.4 : stalled 1 times (last best: 333.5)
[valid] Ep. 1 : Up. 40 : valid-script : 222.2 : stalled 1 times (last best: 222.3)
[valid] Ep. 1 : Up. 40 : cross-entropy : 248.218 : new best
[valid] Ep. 1 : Up. 60 : translation : 333.3 : stalled 2 times (last best: 333.5)
[valid] Ep. 1 : Up. 60 : valid-script : 222.1 : stalled 2 times (last best: 222.3)
[valid] Ep. 1 : Up. 60 : cross-entropy : 246.856 : new best
[valid] Ep. 1 : Up. 80 : translation : 333.2 : stalled 3 times (last best: 333.5)
[valid] Ep. 1 : Up. 80 : valid-script : 222.6 : new best
[valid] Ep. 1 : Up. 80 : cross-entropy : 245.247 : new best
[valid] Ep. 1 : Up. 100 : translation : 333.1 : stalled 4 times (last best: 333.5)
[valid] Ep. 1 : Up. 100 : valid-script : 222.5 : stalled 1 times (last best: 222.6)
[valid] Ep. 1 : Up. 100 : cross-entropy : 243.37 : new best
[valid] Ep. 1 : Up. 120 : translation : 333.9 : new best
[valid] Ep. 1 : Up. 120 : valid-script : 222.4 : stalled 2 times (last best: 222.6)
[valid] Ep. 1 : Up. 120 : cross-entropy : 240.802 : new best
[valid] Ep. 1 : Up. 140 : translation : 333.8 : stalled 1 times (last best: 333.9)
[valid] Ep. 1 : Up. 140 : valid-script : 222.3 : stalled 3 times (last best: 222.6)
[valid] Ep. 1 : Up. 140 : cross-entropy : 237.65 : new best
[valid] Ep. 1 : Up. 160 : translation : 333.7 : new best
[valid] Ep. 1 : Up. 160 : valid-script : 222.2 : new best
[valid] Ep. 1 : Up. 160 : cross-entropy : 233.833 : new best
[valid] Ep. 2 : Up. 180 : translation : 333.6 : stalled 1 times (last best: 333.7)
[valid] Ep. 2 : Up. 180 : valid-script : 222.1 : stalled 1 times (last best: 222.2)
[valid] Ep. 2 : Up. 180 : cross-entropy : 230.035 : new best
[valid] Ep. 2 : Up. 200 : translation : 333.5 : stalled 2 times (last best: 333.7)
[valid] Ep. 2 : Up. 200 : valid-script : 222.6 : new best
[valid] Ep. 2 : Up. 200 : cross-entropy : 227.982 : new best
