[valid] Ep. 1 : Up. 20 : cross-entropy : 296.114 : new best
[valid] Ep. 1 : Up. 40 : cross-entropy : 296.109 : new best
[valid] Ep. 1 : Up. 60 : cross-entropy : 296.104 : new best
[valid] Ep. 1 : Up. 80 : cross-entropy : 296.099 : new best
[valid] Ep. 1 : Up. 100 : cross-entropy : 296.094 : new best
[valid] Ep. 1 : Up. 120 : cross-entropy : 296.089 : new best
[valid] Ep. 1 : Up. 120 : perplexity : 25782 : new best
[valid] Ep. 1 : Up. 140 : cross-entropy : 296.084 : new best
[valid] Ep. 1 : Up. 140 : perplexity : 25777.5 : new best
[valid] Ep. 1 : Up. 160 : cross-entropy : 296.079 : new best
[valid] Ep. 1 : Up. 160 : perplexity : 25773 : new best
[valid] Ep. 1 : Up. 180 : cross-entropy : 296.074 : new best
[valid] Ep. 1 : Up. 180 : perplexity : 25768.6 : new best
[valid] Ep. 1 : Up. 200 : cross-entropy : 296.069 : new best
[valid] Ep. 1 : Up. 200 : perplexity : 25764.2 : new best
