-110.657913
-202.235657
-98.792732
-232.406662
-654.265076
-150.503616
-385.257812
-60.361347
-88.694214
-104.250389
