-110.558548
-197.097626
-99.425133
-226.850739
-616.795593
-148.828308
-366.162659
-60.395081
-89.392021
-107.213608
