6921.24
5224.01
4133.74
3090.42
2085.98
5415.40
5651.44
4458.85
3396.66
2398.46
