145.71
407.97
1194.81
233.12
1427.90
126.27
378.83
97.13
757.66
330.25
1602.69
213.70
437.12
97.13
466.23
194.27
1194.74
145.70
932.48
388.53
932.45
621.65
874.20
825.62
437.12
155.41
495.40
233.12
349.69
320.55
611.94
670.22
1777.47
242.83
1369.54
135.99
1515.31
184.55
815.88
135.98
728.46
174.84
407.95
213.68
233.13
135.98
291.39
165.13
582.84
349.68
961.59
252.55
437.11
330.26
437.10
155.41
524.51
563.36
495.39
174.84
437.06
135.98
495.34
87.42
437.08
213.68
58.28
378.81
349.66
48.56
990.65
291.40
524.50
621.64
1223.85
534.22
844.99
291.38
1660.95
145.69
1806.65
679.91
874.14
77.71
1049.04
165.14
611.91
87.43
437.06
126.26
262.22
184.54
262.25
213.68
1340.38
106.84
174.82
116.55
1165.53
611.90
