473.54
494.98
501.40
474.09
418.43
379.92
393.55
359.58
327.11
354.29
