493.09
355.25
272.68
199.14
131.11
385.98
388.26
296.74
220.32
151.99
