Ep. 1 : Up. 5 : Sen. 320 : Cost 846.21 :
Ep. 1 : Up. 10 : Sen. 640 : Cost 694.93 :
Ep. 1 : Up. 15 : Sen. 960 : Cost 594.27 :
Ep. 1 : Up. 20 : Sen. 1280 : Cost 508.49 :
Ep. 1 : Up. 25 : Sen. 1600 : Cost 432.60 :
Ep. 1 : Up. 30 : Sen. 1920 : Cost 357.44 :
Ep. 1 : Up. 35 : Sen. 2240 : Cost 291.70 :
Ep. 1 : Up. 40 : Sen. 2560 : Cost 220.30 :
Ep. 2 : Up. 45 : Sen. 64 : Cost 330.81 :
Ep. 2 : Up. 50 : Sen. 384 : Cost 808.78 :
Ep. 2 : Up. 55 : Sen. 704 : Cost 671.76 :
Ep. 2 : Up. 60 : Sen. 1024 : Cost 577.24 :
Ep. 2 : Up. 65 : Sen. 1344 : Cost 491.22 :
Ep. 2 : Up. 70 : Sen. 1664 : Cost 417.52 :
Ep. 2 : Up. 75 : Sen. 1984 : Cost 344.56 :
Ep. 2 : Up. 80 : Sen. 2304 : Cost 277.84 :
Ep. 2 : Up. 85 : Sen. 2624 : Cost 203.11 :
