[valid] Ep. 1 : Up. 20 : valid-script : 222.4 : new best
[valid] Ep. 1 : Up. 40 : valid-script : 222.3 : stalled 1 times
[valid] Ep. 1 : Up. 60 : valid-script : 222.2 : stalled 2 times
[valid] Ep. 1 : Up. 80 : valid-script : 222.1 : stalled 3 times
[valid] Ep. 1 : Up. 100 : valid-script : 222.6 : new best
[valid] Ep. 1 : Up. 120 : valid-script : 222.5 : stalled 1 times
[valid] Ep. 1 : Up. 140 : valid-script : 222.4 : stalled 2 times
[valid] Ep. 1 : Up. 150 : valid-script : 222.3 : stalled 3 times
[valid] Ep. 1 : Up. 160 : valid-script : 222.2 : stalled 4 times
[valid] Ep. 1 : Up. 180 : valid-script : 222.1 : stalled 5 times
