[[ 0.00042188  0.00041528  0.00011193 ...,  0.          0.          0.        ]]
