[[-0.00327455 -0.00063717  0.00489796 ...,  0.          0.          0.        ]]
