[[  5.76593220e-06   5.19660261e-06   3.10109863e-06 ...,   0.00000000e+00
    0.00000000e+00   0.00000000e+00]]
