[[  4.05344281e-06   3.82874305e-07   1.35198152e-05 ...,   0.00000000e+00
    0.00000000e+00   0.00000000e+00]]
