226.76
250.62
243.61
245.71
233.83
219.88
210.65
201.93
204.41
204.01
