Epoch: 10 Cost: 1.05144
Epoch: 20 Cost: 0.961734
Epoch: 30 Cost: 0.830652
Epoch: 40 Cost: 0.703192
Epoch: 50 Cost: 0.609537
Epoch: 60 Cost: 0.549967
Epoch: 70 Cost: 0.5109
Epoch: 80 Cost: 0.480571
Epoch: 90 Cost: 0.453175
Epoch: 100 Cost: 0.426079
Epoch: 110 Cost: 0.396866
Epoch: 120 Cost: 0.364596
Epoch: 130 Cost: 0.331024
Epoch: 140 Cost: 0.298256
Epoch: 150 Cost: 0.267497
Epoch: 160 Cost: 0.239407
Epoch: 170 Cost: 0.214279
Epoch: 180 Cost: 0.192125
Epoch: 190 Cost: 0.172783
Epoch: 200 Cost: 0.156012
Accuracy: 0.966667
