205.86
203.87
113.27
291.72
151.29
261.18
182.68
249.93
