4833.92
4808.48
4762.68
4739.24
4631.43
4586.08
4426.73
4182.24
