Ep. 2 : Up. 600 : accuracy : 0.8837 : new best
Ep. 4 : Up. 1200 : accuracy : 0.9174 : new best
Ep. 6 : Up. 1800 : accuracy : 0.9316 : new best
Ep. 8 : Up. 2400 : accuracy : 0.941 : new best
Ep. 10 : Up. 3000 : accuracy : 0.9452 : new best
