2.21881247
2.21806955
0.46859169
0.46825710
2.76864004
2.76791930
0.56501710
0.56451356
2.71565413
2.71488881
3.11743879
3.11609936
