BLEU = 28.81, 51.4/33.7/24.1/17.1 (BP=0.991, ratio=0.991, hyp_len=109, ref_len=110)
