Ep. 1 : Up. 20 : Sen. 1280 : Cost 242.20
Ep. 1 : Up. 40 : Sen. 2560 : Cost 236.00
Ep. 1 : Up. 60 : Sen. 3840 : Cost 233.30
Ep. 1 : Up. 80 : Sen. 5120 : Cost 221.12
Ep. 1 : Up. 100 : Sen. 6400 : Cost 205.75
Ep. 1 : Up. 120 : Sen. 7680 : Cost 211.64
Ep. 1 : Up. 140 : Sen. 8960 : Cost 201.38
Ep. 1 : Up. 160 : Sen. 10240 : Cost 191.39
Ep. 1 : Up. 180 : Sen. 11520 : Cost 188.53
Ep. 1 : Up. 200 : Sen. 12800 : Cost 189.84
Ep. 1 : Up. 220 : Sen. 14080 : Cost 195.90
Ep. 1 : Up. 240 : Sen. 15360 : Cost 187.79
Ep. 1 : Up. 260 : Sen. 16640 : Cost 187.15
Ep. 1 : Up. 280 : Sen. 17920 : Cost 180.46
Ep. 1 : Up. 300 : Sen. 19200 : Cost 169.73
Ep. 1 : Up. 320 : Sen. 20480 : Cost 179.74
Ep. 1 : Up. 340 : Sen. 21760 : Cost 177.60
Ep. 1 : Up. 360 : Sen. 23040 : Cost 179.01
Ep. 1 : Up. 380 : Sen. 24320 : Cost 177.33
Ep. 1 : Up. 400 : Sen. 25600 : Cost 176.74
