[valid] Ep. 1 : Up. 20 : cross-entropy : 221.048 : new best
[valid] Ep. 1 : Up. 40 : cross-entropy : 204.616 : new best
[valid] Ep. 1 : Up. 60 : cross-entropy : 198.825 : new best
[valid] Ep. 1 : Up. 80 : cross-entropy : 194.964 : new best
[valid] Ep. 1 : Up. 100 : cross-entropy : 192.497 : new best
[valid] Ep. 1 : Up. 120 : cross-entropy : 191.076 : new best
[valid] Ep. 1 : Up. 140 : cross-entropy : 190.418 : new best
[valid] Ep. 1 : Up. 160 : cross-entropy : 188.596 : new best
[valid] Ep. 1 : Up. 180 : cross-entropy : 188.603 : stalled 1 times
[valid] Ep. 1 : Up. 200 : cross-entropy : 187.96 : new best
