das Treffen war auch geplant , um den Konflikt mit den Palästinensern und die umstrittene Zwei-@@ Staaten@@ -Lösung abzudecken . ||| 0-0 1-1 2-2 3-3 4-4 5-5 5-6 6-12 6-18 7-7 8-8 9-9 10-10 11-11 13-13 14-14 15-15 16-16 17-17 19-19 19-20
Sie hatten einen Hund namens Ligh@@ tning , der mit ihnen im Back@@ stein@@ haus lebte , die sich in Gau@@ tier auf einen Kö@@ der stützen . ||| 0-0 1-1 2-2 3-3 4-4 5-5 6-6 7-7 7-8 8-15 9-9 10-10 11-11 13-12 13-13 14-14 15-16 15-17 16-22 16-26 17-18 18-19 19-23 20-24 23-20 24-21 25-27 26-25 26-28
er war verheiratet und hatte drei junge Kinder . ||| 0-0 1-1 2-2 3-3 4-4 5-5 6-6 7-7 9-8 9-9
Schmidt , der ermor@@ dete Professor , leitete das erst@@ inst@@ anz@@ liche Seminar@@ programm und spezialisierte sich auf Indianer und Kolonial@@ geschichte , sagte Don Allan Mitchell , ein englischer Professor an der Schule . ||| 0-0 1-1 2-2 3-3 4-5 5-6 6-7 7-8 8-9 9-10 10-13 11-14 12-15 13-16 13-18 14-17 15-19 18-21 19-22 20-23 21-24 22-25 23-26 24-27 25-28 26-29 27-30 28-31 29-32 30-33 31-34 32-35 33-4 33-11 33-12 33-20 33-36
und einige halten sich für eine Imp@@ lo@@ sion aus . ||| 0-0 1-1 3-2 3-9 5-3 5-4 6-5 7-6 7-7 8-8 10-10 10-11
der UN-Generalsekretär forderte erneut alle Parteien , einschließlich des geteilten UN-Sicherheitsrates , auf , umfassende Verhandlungen zu vereinen und zu unterstützen , um eine politische Lösung zu finden . ||| 0-0 1-1 4-3 5-2 6-4 7-5 8-6 9-7 10-8 11-9 12-10 16-11 17-12 18-13 18-16 18-17 19-18 20-19 20-20 21-14 22-15 23-21 23-22 24-26 24-27 25-23 26-24 27-25 28-28 29-29
die Polizei sagte , der Hund sei in Ordnung . ||| 0-0 0-1 1-2 2-3 2-4 3-5 4-6 5-7 5-8 6-9 7-10
andere haben ihn als Witz abgetan . ||| 0-0 1-1 2-5 3-2 4-3 6-4 7-6 8-7
Lamm wuchs in der Gegend auf . ||| 0-0 1-1 1-5 3-2 4-3 5-4 7-6 7-7
der Film beginnt und es kommt mir vor , dass ich ein Fa@@ ke G@@ äh@@ nen und ein Arm strecken weg von der Anwesenheit mit der Prinzessin von Wales . ||| 0-0 1-1 2-2 3-3 4-4 5-5 5-6 5-7 8-9 9-10 11-11 12-12 13-14 15-17 16-18 17-19 18-20 20-21 20-22 21-23 21-24 25-25 26-26 27-27 28-28 29-29 31-8 31-13 31-15 31-16 31-30 31-31
Sie und ihre Mutter waren absolut beste Freunde . ||| 0-0 1-1 2-2 3-3 4-4 5-5 6-6 7-7 8-8 9-9
sein Auto lief noch in der Einfahrt . ||| 0-0 1-1 2-2 3-3 5-4 6-5 7-6 9-7 10-8
beide lernten in der Sparte Sozialwissenschaften und Geschichte , die 17 Fakult@@ äts@@ mitglieder aufführen , und viele Schüler nahmen Kurse von beiden . ||| 0-0 1-1 1-8 2-2 3-3 4-4 6-5 8-6 9-7 11-9 12-14 13-10 14-11 15-13 16-15 17-16 18-17 19-18 20-19 20-23 21-20 22-21 23-22 25-12 25-24
einen Tag nach der Schul@@ aufnahme zw@@ angen sich Schüler und Dozenten hinter verschlossenen Türen zu verstecken , die Behörden versuchten noch , gemeinsam das , was motivierte Lamm zu leisten . ||| 0-0 1-1 2-2 3-3 4-4 5-5 6-6 7-8 7-9 8-10 9-11 11-15 11-16 12-12 13-13 14-14 15-17 16-18 16-19 18-21 19-20 20-22 21-29 21-30 23-23 23-24 23-26 24-25 24-27 25-28 27-7 27-31 27-32
die Kurse werden am Mittwoch fortgesetzt . ||| 0-0 0-1 1-2 1-5 2-3 2-4 4-6 4-7
im März hatte Netanjahu auf Einladung der Republikaner eine umstrittene Rede vor dem US-Kongress , der zum Teil als Aff@@ ront gegen Obama gesehen wurde . ||| 0-0 1-1 3-4 5-5 7-6 8-7 10-3 11-2 11-14 12-8 13-9 14-10 15-11 16-12 17-13 20-15 21-24 22-17 23-23 24-18 26-19 26-20 27-21 28-16 28-22 29-25 30-26
es gab keine Hinweise darauf , dass Lamb , der zwei Online-@@ Klassen für die Delta State University in Cleveland , Mississippi war , schon 300 Meilen auf dem Campus der Schule gereist war , wo die Polizei glaubt , dass er einen gut ausseh@@ enden Geschichts@@ professor E@@ than Schmidt in die Tür zu seinem Büro scho@@ ss und umgebracht hat . ||| 1-1 1-5 2-2 3-0 3-3 4-4 5-6 5-7 6-8 7-9 9-22 10-10 11-11 12-12 13-13 14-14 14-15 15-16 16-17 17-18 18-19 19-20 20-21 21-23 22-33 24-32 25-24 25-25 26-26 27-27 28-28 28-30 29-31 31-29 32-34 33-35 34-36 34-37 35-38 36-41 37-57 38-59 39-60 40-40 40-42 41-43 42-44 43-46 44-47 46-48 47-49 48-50 50-51 51-52 52-53 54-54 55-55 56-56 58-39 58-45 58-58 58-61 58-62 58-63
Ban sagte einer Pressekonferenz am Mittwoch , er plane , sich mit ausländischen Ministern der fünf ständigen Rat@@ stagungen - den USA , Russland , China , Großbritannien und Frankreich - am Rande der Minister@@ tagung der Generalversammlung noch in diesem Monat zu Gesprächen über Syrien zu treffen . ||| 0-0 1-1 1-6 2-2 3-3 5-4 5-5 7-7 8-8 10-47 11-9 11-10 11-11 12-12 13-13 14-14 16-15 17-16 18-17 19-18 20-19 21-20 22-21 23-22 24-23 25-24 26-25 27-26 28-27 29-28 30-29 31-30 32-31 32-46 34-32 35-33 36-36 37-37 40-34 41-35 42-38 43-39 43-40 44-41 45-42 45-48 47-43 47-44 47-45 49-49
&quot; das ist wirklich für mich &quot; , sagte Spiel@@ berg , &quot; in@@ wohl der größte Zeit@@ reise@@ film , der jemals auf Film gesetzt wurde &quot; . ||| 0-0 1-1 2-3 3-2 4-4 5-5 6-6 8-7 8-8 9-9 10-10 11-11 12-12 13-13 14-14 15-15 16-16 17-17 18-18 19-19 20-20 20-21 20-22 21-25 22-23 23-24 24-26 24-27 26-28 26-29
das Verhältnis zwischen Obama und Netanjahu ist nicht gerade freundlich . ||| 0-0 1-1 2-2 3-3 4-4 5-5 6-6 7-7 8-8 9-9 10-10 11-11
Lamm und Pr@@ enti@@ ss waren offenbar seit einiger Zeit aus . ||| 0-0 1-1 2-2 3-3 4-4 5-5 6-6 8-10 9-7 10-8 11-9 13-11 13-12
alle Mädchen würden schmelzen , als er sich um &quot; , sagte H@@ air@@ ston , heute 40 und lebe im Jack@@ son-@@ Vorort Brand@@ on . ||| 0-0 2-1 3-2 4-3 5-4 5-5 6-6 8-7 8-8 9-9 11-10 11-11 12-12 13-13 14-14 15-15 16-16 17-17 18-18 19-19 20-20 22-21 23-23 25-24 26-25 27-26 28-22 28-27
Pres@@ ses@@ pre@@ cher Emil@@ y Wag@@ ster P@@ ett@@ us in Green@@ ville , Mississippi und Reb@@ ecca Sant@@ ana in New Orleans trugen zu diesem Bericht bei . ||| 0-0 1-1 2-2 2-3 3-4 4-5 5-6 6-7 7-8 8-9 9-10 10-11 11-12 12-13 13-14 14-15 15-16 17-17 18-18 19-19 20-20 21-21 22-22 23-23 24-24 24-28 25-25 26-26 27-27 29-29 29-30
auch Schmidt &apos; s Frau Li@@ z und Bruder Jeff Schmidt nahmen an der Vi@@ gil teil , bei der der Uni@@ -@@ Chor &quot; B@@ right Mor@@ ning Star &quot; und &quot; Ama@@ zing Grace &quot; sang . ||| 0-0 0-1 2-2 2-3 2-4 4-5 5-6 6-7 8-8 9-9 10-10 12-11 12-16 13-12 13-13 14-14 15-15 16-17 17-18 18-19 19-20 20-21 21-22 21-23 22-37 23-24 24-25 25-26 26-27 27-28 28-29 29-30 30-31 31-32 32-33 33-34 34-35 35-36 37-38 37-39
er bedau@@ erte , dass die Spaltung im Rat und unter den syrischen Völkern und Regional@@ mächten &quot; diese Situation nicht lös@@ bar &quot; gemacht habe . ||| 0-0 1-1 2-3 3-4 4-5 4-6 5-7 7-8 8-9 9-10 10-11 11-12 12-13 13-14 14-15 15-16 16-17 17-23 17-24 18-18 19-19 20-20 21-21 25-2 25-22 25-25 25-26 25-27
