[valid] Ep. 1 : Up. 60 : cross-entropy : 240.186 : new best
[valid] Ep. 1 : Up. 120 : cross-entropy : 240.174 : new best
[valid] Ep. 1 : Up. 150 : cross-entropy : 240.167 : new best
