305.95520020
252.33764648
241.97651672
237.92004395
241.01110840
235.38877869
244.05845642
228.61547852
244.48324585
240.67021179
225.93069458
230.75164795
239.92446899
234.91127014
236.48362732
225.34948730
236.05422974
226.67541504
227.21850586
240.31086731
247.07595825
240.54412842
221.21253967
337.10803223
236.50607300
