349.90066528
330.57034302
301.72637939
294.93923950
311.47195435
307.98052979
318.67773438
