349.90066528
330.57034302
301.72637939
294.93923950
311.47195435
307.98052979
318.67773438
297.93566895
289.55316162
265.69094849
258.18420410
271.55532837
267.22616577
277.04589844
259.60607910
252.39709473
232.80690002
225.52084351
237.79919434
234.49322510
244.92973328
230.92803955
226.21130371
210.91824341
204.61116028
