Indien und Japan Ministerpräsidenten treffen sich in Tokio ||| 0-0 1-1 2-2 3-3 5-4 6-5 6-6 7-7 8-8
auf der Tagesordnung stehen die Pläne für eine stärkere Zusammenarbeit im Nuklear@@ bereich . ||| 0-0 0-3 0-4 2-1 3-2 5-5 6-6 7-7 7-8 8-9 8-10 8-11 11-12 11-13 11-14
Indien ist angeblich auch auf eine Einigung zur Verteidigungs@@ kooperation der beiden Nationen gehofft . ||| 0-0 1-1 3-2 4-3 4-4 4-13 6-5 7-6 8-7 9-8 10-9 11-10 13-11 14-12 16-14 16-15
Kar@@ ra@@ tha Polizei nimmt 20-@@ Jährige nach Hochgeschwindigkeits@@ motor@@ en@@ jagd fest ||| 0-0 1-1 2-2 3-3 4-4 4-12 5-5 6-6 7-7 8-8 10-9 11-10 11-11 12-13
die Polizei von Kar@@ ra@@ tha hat einen 20-@@ jährigen Mann beauftragt , der es miss@@ achtete und leicht@@ sinn@@ ig@@ erweise fahr@@ bereit zu sein . ||| 0-0 0-2 0-3 1-4 2-5 3-1 4-6 5-11 6-7 7-8 8-9 9-10 10-12 10-13 11-14 11-15 14-17 15-18 16-22 18-16 18-19 18-20 18-21 18-23 18-24 18-25 18-26 18-27
er soll am 23. September in Kar@@ ra@@ tha Magistr@@ ats@@ -@@ Richter erscheinen . ||| 0-0 2-1 4-13 5-2 5-5 6-6 7-7 8-8 9-9 9-12 10-10 11-11 13-4 14-3 16-14 16-15
das Motorrad wurde für drei Monate beschlagnahmt und im@@ matri@@ k@@ uliert . ||| 0-0 1-1 2-2 3-6 4-7 5-8 6-9 8-3 9-4 10-5 12-10 12-11 12-12 12-13
George Web@@ ster warf N@@ air@@ n und Pit@@ loch@@ ry Hotel@@ rap@@ schen vor ||| 0-0 1-1 2-2 3-3 3-14 5-4 6-5 7-6 8-7 9-8 10-9 11-10 12-11 13-12 14-13 15-15
ein Mann soll sich vor Gericht stellen , der Frauen in zwei Hotels vergewaltigt hat . ||| 0-0 1-1 3-2 4-6 5-3 5-4 6-7 6-8 8-5 8-13 10-9 11-10 12-11 13-12 15-14 15-15 15-16
George Web@@ ster , 28 , stellte sich bei einer Anhörung vor dem Ober@@ landes@@ gericht in Glasgow die Gebühren . ||| 0-0 1-1 2-2 3-3 4-4 5-5 6-6 6-20 7-7 7-8 7-18 8-19 10-9 11-10 12-11 13-12 14-13 15-14 17-16 17-17 19-15 19-21
Rich@@ terin Lady Ra@@ e hat einen Prozes@@ stag für den 17. November auf dem Ober@@ landes@@ gericht Edinburgh festgelegt . ||| 0-0 0-1 1-2 2-3 3-4 4-5 4-19 5-6 6-7 7-8 8-9 9-10 9-12 10-11 11-13 12-14 13-15 14-16 16-18 18-17 18-20 18-21
die Wiedervereinigung mit dem Very American Ideal , dass die Rechte der Arbeitnehmer , ||| 0-0 0-1 2-2 4-3 4-4 5-5 6-6 7-7 7-8 8-9 8-10 8-11 8-12 10-13 10-14
aber es ist sicher keine radikale Initiative - zumindest durch amerikanische Standards . ||| 0-0 1-1 2-2 2-3 4-4 6-5 7-6 8-7 9-8 11-9 12-10 13-11 15-12 15-13
die Amerikaner akzeptierten seit Generationen die Grund@@ bedingung , dass Arbeits@@ rechte Menschenrechte sind . ||| 0-0 0-3 1-4 3-1 4-2 5-5 6-6 7-7 9-9 9-10 10-11 11-13 12-12 15-8 15-14 15-15
wie der Rever@@ end Martin Luther King Jr. vor fünfzig Jahren sagte : ||| 0-0 1-1 2-2 3-3 4-4 5-5 6-6 7-7 8-11 9-8 9-9 10-10 12-12 13-13
die Geschichte ist ein großer Lehrer . ||| 0-0 0-1 1-2 2-3 3-4 4-5 5-6 6-7
nun weiß jeder , dass die Arbeiter@@ bewegung die Stärke der Nation nicht schm@@ älert , sondern vergrößert hat . ||| 0-0 1-2 2-1 2-3 4-5 5-6 6-7 9-12 9-13 9-14 10-8 11-9 12-10 14-11 15-15 15-16 15-18 16-17 19-4 19-19 19-20
wer die Arbeit angreift , vergisst diese einfachen Wahrheiten , aber die Geschichte erinnert sie sich . ||| 0-0 2-3 3-1 3-2 4-5 5-6 6-7 7-8 8-9 9-10 10-11 10-12 11-13 11-15 11-16 12-14 14-4 14-17
die Geschichte erinnert sich , wie sollten wir es . ||| 0-0 0-1 1-2 1-3 1-4 3-5 4-6 5-7 7-8 7-9 7-10
Richter blockiert vorübergehend das Gesetz , das alle Louisiana Ab@@ t@@ reibungs@@ klin@@ iken schließen könnte ||| 0-0 1-2 2-1 2-3 3-4 4-6 5-15 6-14 7-7 8-8 9-9 9-10 9-11 10-12 10-13 11-5 11-16
eine Anhörung soll innerhalb eines Monats für den Richter angesetzt werden , um eine dauer@@ haf@@ tere Regelung über das Gesetz zu fällen . ||| 0-0 1-1 2-2 4-9 5-3 6-4 7-5 8-6 9-7 10-8 11-10 11-11 11-12 12-21 12-22 13-13 15-14 16-17 17-18 18-19 19-20 21-15 21-16 21-23 21-24
Small STU@@ DY : neue Medikamente können bremsen , Eier@@ stock@@ krebs ||| 0-0 1-1 2-2 3-3 4-4 5-5 6-6 7-7 8-8 10-9 12-10 13-11 14-12
die Forscher verfolgten die Frauen@@ arz@@ t@@ -Rei@@ se über sieben Jahre hinweg . ||| 0-0 1-1 2-2 2-12 3-3 4-4 6-5 7-6 7-7 7-8 8-9 9-10 10-11 11-13 12-14
ältere Frauen und jene , deren Krebs zum Zeitpunkt der Diagnose fortgeschritt@@ ener war , hatten die ärmsten Überleben@@ schancen . ||| 0-0 1-1 2-2 3-3 4-4 4-5 5-6 7-11 9-7 11-8 12-9 13-10 14-15 15-16 16-17 17-18 18-19 20-12 20-13 20-14 20-20 20-21
Garten@@ center rue fällt in Eigen@@ heim@@ besitzern . ||| 0-0 1-1 2-2 3-3 4-4 5-5 5-6 6-7 8-8 8-9
der TV-S@@ ender stopp@@ te etwa 40 Minuten , hat aber inzwischen wieder eine Übertragung . ||| 0-0 1-1 2-2 3-3 4-5 4-8 7-6 8-7 10-9 12-10 12-11 13-12 13-13 15-14 18-4 18-15 18-16
etwa einen Kilometer entfernt stießen sie auf Sicherheits@@ dienste , bewaffnet mit Stö@@ cken und Steinen . ||| 0-0 1-1 2-2 3-3 5-5 6-4 8-6 9-7 11-8 12-9 13-10 14-11 15-12 16-14 17-15 18-16 19-13 19-17
die Polizei setzte T@@ rän@@ eng@@ as ein . ||| 0-0 1-1 2-2 3-3 3-4 4-5 4-6 6-7 6-8 6-9
die Demonstranten forderten Shar@@ if Rücktritt , den er ablehnte . ||| 0-0 1-1 2-2 3-3 4-4 6-5 8-7 9-8 10-9 11-10 12-6 12-11
das Militär spielt in Pakistan eine wichtige Rolle und hat in der Vergangenheit mehrfach die Macht ergriffen . ||| 0-0 1-1 2-2 3-3 3-5 4-6 5-7 7-4 10-9 10-16 11-14 11-15 14-13 16-10 17-11 18-12 20-8 20-17 20-18
