0 ||| Indien und Japan Ministerpräsidenten treffen sich in Tokio ||| 0-0 1-1 2-2 3-3 5-4 6-5 6-6 7-7 8-8 ||| F0= -1.66408 ||| -1.66408
0 ||| Indien und Japan Premier treffen sich in Tokio ||| 0-0 1-1 2-2 3-3 5-4 6-5 6-6 7-7 8-8 ||| F0= -1.80695 ||| -1.80695
0 ||| Indien und Japan Ministerpräsidenten treffen in Tokio ||| 0-0 1-1 2-2 3-3 5-4 6-5 7-6 8-7 ||| F0= -4.19711 ||| -4.19711
1 ||| auf der Tagesordnung stehen die Pläne für eine verstärkte nukleare Zusammenarbeit . ||| 0-0 0-3 0-4 2-1 3-2 5-5 6-6 7-7 7-8 8-9 9-10 10-11 11-12 ||| F0= -6.50604 ||| -6.50604
1 ||| auf der Tagesordnung stehen die Pläne für eine stärkere Zusammenarbeit im Nuklear@@ bereich . ||| 0-0 0-3 0-4 2-1 3-2 5-5 6-6 7-7 7-8 8-9 8-10 8-11 11-12 11-13 11-14 ||| F0= -7.58713 ||| -7.58713
1 ||| auf der Tagesordnung stehen die Pläne für eine stärkere Zusammenarbeit im Nuklear@@ sektor . ||| 0-0 0-3 0-4 2-1 3-2 5-5 6-6 7-7 7-8 8-9 8-10 8-11 10-13 11-12 11-14 ||| F0= -8.0886 ||| -8.0886
2 ||| Indien ist angeblich auch auf eine Einigung zur Verteidigungs@@ kooperation der beiden Nationen gehofft . ||| 0-0 1-1 3-2 4-3 4-4 4-13 6-5 7-6 8-7 9-8 10-9 11-10 13-11 14-12 16-14 16-15 ||| F0= -8.68481 ||| -8.68481
2 ||| Indien ist angeblich auch auf eine Einigung zur Verteidigungs@@ zusammenarbeit der beiden Nationen gehofft . ||| 0-0 1-1 3-2 4-3 4-4 4-13 6-5 7-6 8-7 9-8 10-9 11-10 13-11 14-12 16-14 16-15 ||| F0= -8.75363 ||| -8.75363
2 ||| Indien ist angeblich auch auf eine Einigung zur Verteidigungs@@ kooperation der beiden Nationen zu hoffen . ||| 0-0 1-1 3-2 4-3 4-4 4-13 4-14 6-5 7-6 8-7 9-8 10-9 11-10 13-11 14-12 16-15 16-16 ||| F0= -9.30236 ||| -9.30236
3 ||| Kar@@ ra@@ tha Polizei nimmt 20-@@ Jährige nach Hochgeschwindigkeits@@ motor@@ en@@ jagd fest ||| 0-0 1-1 2-2 3-3 4-4 4-12 5-5 6-6 7-7 8-8 10-9 11-10 11-11 12-13 ||| F0= -4.81688 ||| -4.81688
3 ||| Kar@@ ra@@ tha Polizei nimmt 20-@@ jährigen nach Hochgeschwindigkeits@@ motor@@ en@@ jagd fest ||| 0-0 1-1 2-2 3-3 4-4 4-12 5-5 6-6 7-7 8-8 10-9 11-10 11-11 12-13 ||| F0= -5.0994 ||| -5.0994
3 ||| Kar@@ ra@@ tha Polizei nimmt 20-@@ Jährige nach High@@ speed@@ - Motorrad@@ jagd fest ||| 0-0 1-1 2-2 3-3 4-4 4-13 5-5 6-6 7-7 8-8 9-9 10-10 10-11 11-12 12-14 ||| F0= -7.24901 ||| -7.24901
4 ||| die Polizei von Kar@@ ra@@ tha hat einen 20-@@ jährigen Mann beauftragt , der es versäumt hat , sich zu stoppen und leicht@@ sinnig zu fahren . ||| 0-0 0-2 0-3 1-4 2-5 3-1 4-6 5-11 6-7 7-8 8-9 9-10 10-12 10-13 11-14 11-15 12-16 12-17 13-18 13-19 13-20 14-21 15-22 15-23 16-24 16-25 18-26 18-27 ||| F0= -11.6659 ||| -11.6659
4 ||| die Polizei von Kar@@ ra@@ tha hat einen 20-@@ jährigen Mann beauftragt , der es versäumt hat , sich zu stoppen und leicht@@ sinn@@ ig@@ erweise fahr@@ bereit zu sein . ||| 0-0 0-2 0-3 1-4 2-5 3-1 4-6 5-11 6-7 7-8 8-9 9-10 10-12 10-13 11-14 11-15 12-16 12-17 13-18 13-19 13-20 14-21 15-22 15-23 16-26 18-24 18-25 18-27 18-28 18-29 18-30 18-31 ||| F0= -13.5891 ||| -13.5891
4 ||| die Polizei von Kar@@ ra@@ tha hat einen 20-@@ jährigen Mann beauftragt , der es versäumt hat , sich zu stoppen und leicht@@ sinn@@ ig@@ erweise fahr@@ bereit . ||| 0-0 0-2 0-3 1-4 2-5 3-1 4-6 5-11 6-7 7-8 8-9 9-10 10-12 10-13 11-14 11-15 12-16 12-17 13-18 13-19 13-20 14-21 15-22 15-23 16-26 18-24 18-25 18-27 18-28 18-29 ||| F0= -15.2589 ||| -15.2589
5 ||| er soll am 23. September in Kar@@ ra@@ tha Magistr@@ ats erscheinen . ||| 0-0 2-1 5-2 5-5 6-6 7-7 8-8 9-9 10-10 13-4 14-3 16-11 16-12 16-13 ||| F0= -5.42032 ||| -5.42032
5 ||| er soll am 23. September in Kar@@ ra@@ tha Magistr@@ ats@@ gerichtshof erscheinen . ||| 0-0 2-1 4-12 5-2 5-5 6-6 7-7 8-8 9-9 10-10 11-11 13-4 14-3 15-13 16-14 ||| F0= -5.42523 ||| -5.42523
5 ||| er soll am 23. September in Kar@@ ra@@ tha Magistr@@ ats@@ -@@ Richter erscheinen . ||| 0-0 2-1 4-13 5-2 5-5 6-6 7-7 8-8 9-9 9-12 10-10 11-11 13-4 14-3 16-14 16-15 ||| F0= -6.80752 ||| -6.80752
6 ||| das Motorrad wurde für drei Monate beschlagnahmt und im@@ matri@@ k@@ uliert . ||| 0-0 1-1 2-2 3-6 4-7 5-8 6-9 8-3 9-4 10-5 12-10 12-11 12-12 12-13 ||| F0= -4.69717 ||| -4.69717
6 ||| das Motorrad wurde seit drei Monaten beschlagnahmt und im@@ matri@@ k@@ uliert . ||| 0-0 1-1 2-2 3-6 4-7 5-8 6-9 8-3 9-4 10-5 12-10 12-11 12-12 12-13 ||| F0= -5.59026 ||| -5.59026
6 ||| das Motorrad wurde für drei Monate beschlagnahmt und un@@ geschickt . ||| 0-0 1-1 2-2 3-6 4-7 5-8 6-9 8-3 9-4 10-5 12-10 12-11 ||| F0= -7.86639 ||| -7.86639
7 ||| George Web@@ ster warf N@@ air@@ n und Pit@@ loch@@ ry Hotel@@ vergewal@@ tigung vor ||| 0-0 1-1 2-2 3-3 5-4 6-5 7-6 8-7 9-8 10-9 11-10 12-11 13-12 15-13 15-14 15-15 ||| F0= -2.98949 ||| -2.98949
7 ||| George Web@@ ster warf N@@ air@@ n und Pit@@ loch@@ ry Hotel@@ rap@@ schen vor ||| 0-0 1-1 2-2 3-3 3-14 5-4 6-5 7-6 8-7 9-8 10-9 11-10 12-11 13-12 14-13 15-15 ||| F0= -3.41965 ||| -3.41965
7 ||| George Web@@ ster warf N@@ air@@ n und Pit@@ loch@@ ry Hotel@@ rap@@ en vor ||| 0-0 1-1 2-2 3-3 3-14 5-4 6-5 7-6 8-7 9-8 10-9 11-10 12-11 13-12 14-13 15-15 ||| F0= -3.50906 ||| -3.50906
8 ||| ein Mann soll vor Gericht stehen , der Frauen in zwei Hotels vergewaltigt hat . ||| 0-0 1-1 3-2 4-5 5-3 5-4 6-7 8-12 10-8 11-9 12-10 13-11 15-6 15-13 15-14 15-15 ||| F0= -5.63304 ||| -5.63304
8 ||| ein Mann soll vor Gericht stehen , der Frauen bei zwei Hotels vergewaltigt hat . ||| 0-0 1-1 3-2 4-5 5-3 5-4 6-7 8-12 10-8 11-9 12-10 13-11 15-6 15-13 15-14 15-15 ||| F0= -6.24302 ||| -6.24302
8 ||| ein Mann soll sich vor Gericht stellen , der Frauen in zwei Hotels vergewaltigt hat . ||| 0-0 1-1 3-2 4-6 5-3 5-4 6-7 6-8 8-5 8-13 10-9 11-10 12-11 13-12 15-14 15-15 15-16 ||| F0= -7.40135 ||| -7.40135
9 ||| George Web@@ ster , 28 , stellte sich bei einer Anhörung vor dem Ober@@ landes@@ gericht in Glasgow die Vorwürfe . ||| 0-0 1-1 2-2 3-3 4-4 5-5 6-6 7-7 7-8 7-18 8-19 10-9 11-10 12-11 13-12 14-13 15-14 17-16 17-17 19-15 19-20 19-21 ||| F0= -7.29201 ||| -7.29201
9 ||| George Web@@ ster , 28 , stellte sich bei einer Anhörung vor dem Ober@@ landes@@ gericht in Glasgow die Gebühren . ||| 0-0 1-1 2-2 3-3 4-4 5-5 6-6 6-20 7-7 7-8 7-18 8-19 10-9 11-10 12-11 13-12 14-13 15-14 17-16 17-17 19-15 19-21 ||| F0= -7.78079 ||| -7.78079
9 ||| George Web@@ ster , 28 , sah sich die Ank@@ lage@@ punkte während einer Anhörung vor dem Ober@@ landes@@ gericht in Glasgow vor . ||| 0-0 1-1 2-2 3-3 4-4 5-5 6-6 6-22 7-7 7-8 8-9 8-10 9-12 10-13 11-14 12-15 13-16 14-17 15-18 17-20 17-21 19-11 19-19 19-23 19-24 ||| F0= -8.23483 ||| -8.23483
10 ||| Rich@@ terin Lady Ra@@ e hat einen Prozes@@ stag für den 17. November beim Ober@@ landes@@ gericht Edinburgh festgelegt . ||| 0-0 0-1 1-2 2-3 3-4 4-5 4-18 5-6 6-7 7-8 8-9 9-10 9-12 10-11 11-13 13-14 14-15 16-17 18-16 18-19 18-20 ||| F0= -5.82702 ||| -5.82702
10 ||| Rich@@ terin Lady Ra@@ e hat einen Prozes@@ stag für den 17. November auf dem Ober@@ landes@@ gericht Edinburgh festgelegt . ||| 0-0 0-1 1-2 2-3 3-4 4-5 4-19 5-6 6-7 7-8 8-9 9-10 9-12 10-11 11-13 12-14 13-15 14-16 16-18 18-17 18-20 18-21 ||| F0= -6.29091 ||| -6.29091
10 ||| Rich@@ terin Lady Ra@@ e hat einen Prozes@@ stag für den 17. November auf dem Ober@@ landes@@ gericht in Edinburgh festgelegt . ||| 0-0 0-1 1-2 2-3 3-4 4-5 4-20 5-6 6-7 7-8 8-9 9-10 9-12 10-11 11-13 12-14 13-15 14-16 16-18 16-19 18-17 18-21 18-22 ||| F0= -6.52641 ||| -6.52641
11 ||| Wieder@@ ansch@@ aff@@ ung mit der Very American Ideal , die Arbeits@@ rechte sind Menschenrechte ||| 0-0 1-1 2-4 4-5 4-6 5-7 6-8 7-9 7-10 8-11 9-12 10-13 11-14 13-2 13-3 13-15 ||| F0= -10.6934 ||| -10.6934
11 ||| Wieder@@ ansch@@ aff@@ ung mit der Very American Ideal , die Arbeits@@ recht@@ ler sind Menschenrechte ||| 0-0 1-1 2-4 4-5 4-6 5-7 6-8 7-9 7-10 8-11 9-12 10-14 11-15 13-2 13-3 13-13 13-16 ||| F0= -10.9122 ||| -10.9122
11 ||| Wieder@@ ansch@@ aff@@ ung mit dem Very American Ideal , das die Arbeits@@ rechte für Menschenrechte ||| 0-0 1-1 2-4 4-5 4-6 5-7 6-8 7-9 7-10 8-11 8-12 9-13 10-14 10-16 11-15 13-2 13-3 ||| F0= -14.1393 ||| -14.1393
12 ||| aber es ist sicher keine radikale Initiative - zumindest durch amerikanische Standards . ||| 0-0 1-1 2-2 2-3 4-4 6-5 7-6 8-7 9-8 11-9 12-10 13-11 15-12 15-13 ||| F0= -7.14428 ||| -7.14428
12 ||| aber es ist sicher keine radikale Initiative - zumindest nach amerikanischen Standards . ||| 0-0 1-1 2-2 2-3 4-4 6-5 7-6 8-7 9-8 11-9 12-10 13-11 15-12 15-13 ||| F0= -7.73491 ||| -7.73491
12 ||| aber es ist sicher keine radikale Initiative - zumindest durch amerikanische Normen . ||| 0-0 1-1 2-2 2-3 4-4 6-5 7-6 8-7 9-8 11-9 12-10 13-11 15-12 15-13 ||| F0= -7.76269 ||| -7.76269
13 ||| die Amerikaner akzeptierten seit Generationen die grundlegende Prämisse , dass Arbeits@@ rechte Menschenrechte sind . ||| 0-0 0-3 1-4 3-1 4-2 5-5 6-6 7-7 9-9 9-10 10-11 11-13 12-12 15-8 15-14 15-15 ||| F0= -8.00022 ||| -8.00022
13 ||| die Amerikaner akzeptierten seit Generationen die Grund@@ bedingung , dass Arbeits@@ rechte Menschenrechte sind . ||| 0-0 0-3 1-4 3-1 4-2 5-5 6-6 7-7 9-9 9-10 10-11 11-13 12-12 15-8 15-14 15-15 ||| F0= -8.02771 ||| -8.02771
13 ||| die Amerikaner akzeptierten seit Generationen die grundlegende Prämisse , dass die Arbeits@@ rechte die Menschenrechte sind . ||| 0-0 0-3 1-4 3-1 4-2 5-5 6-6 7-7 9-9 9-10 9-11 10-12 11-15 12-13 12-14 15-8 15-16 15-17 ||| F0= -8.3902 ||| -8.3902
14 ||| wie der Rever@@ end Martin Luther King Jr. vor fünfzig Jahren sagte : ||| 0-0 1-1 2-2 3-3 4-4 5-5 6-6 7-7 8-11 9-8 9-9 10-10 12-12 13-13 ||| F0= -2.41642 ||| -2.41642
14 ||| wie der Rever@@ end Martin Luther King Jr. vor 50 Jahren sagte : ||| 0-0 1-1 2-2 3-3 4-4 5-5 6-6 7-7 8-11 9-8 9-9 10-10 12-12 13-13 ||| F0= -2.50471 ||| -2.50471
14 ||| wie der Rever@@ end Martin Luther King Jr. vor fünfzig Jahren gesagt hat : ||| 0-0 1-1 2-2 3-3 4-4 5-5 6-6 7-7 8-11 9-8 9-9 10-10 12-12 12-13 13-14 ||| F0= -4.88361 ||| -4.88361
15 ||| die Geschichte ist ein großer Lehrer . ||| 0-0 0-1 1-2 2-3 3-4 4-5 5-6 6-7 ||| F0= -1.5233 ||| -1.5233
15 ||| die Geschichte ist eine große Lehrerin . ||| 0-0 0-1 1-2 2-3 3-4 4-5 5-6 6-7 ||| F0= -2.18431 ||| -2.18431
15 ||| Geschichte ist ein großer Lehrer . ||| 0-0 1-1 2-2 3-3 4-4 5-5 6-6 ||| F0= -2.70074 ||| -2.70074
16 ||| nun weiß jeder , dass die Arbeiter@@ bewegung die Stärke der Nation nicht schm@@ älert , sondern vergrößert hat . ||| 0-0 1-2 2-1 2-3 4-5 5-6 6-7 9-12 9-13 9-14 10-8 11-9 12-10 14-11 15-15 15-16 15-18 16-17 19-4 19-19 19-20 ||| F0= -6.86291 ||| -6.86291
16 ||| jetzt weiß jeder , dass die Arbeiter@@ bewegung die Stärke der Nation nicht schm@@ älert , sondern vergrößert hat . ||| 0-0 1-2 2-1 2-3 4-5 5-6 6-7 9-12 9-13 9-14 10-8 11-9 12-10 14-11 15-15 15-16 15-18 16-17 19-4 19-19 19-20 ||| F0= -6.88113 ||| -6.88113
16 ||| nun weiß jeder , dass die Arbeiter@@ bewegung die Stärke der Nation nicht schm@@ älert , sondern erweitert hat . ||| 0-0 1-2 2-1 2-3 4-5 5-6 6-7 9-12 9-13 9-14 10-8 11-9 12-10 14-11 15-15 15-16 16-17 19-4 19-18 19-19 19-20 ||| F0= -7.12612 ||| -7.12612
17 ||| wer die Arbeit angreift , vergisst diese einfachen Wahrheiten , aber die Geschichte erinnert sich an sie . ||| 0-0 2-3 3-1 3-2 4-5 5-6 6-7 7-8 8-9 9-10 10-11 10-12 11-13 11-15 12-14 12-16 13-17 14-4 14-18 ||| F0= -5.38799 ||| -5.38799
17 ||| wer die Arbeit angreift , vergisst diese einfachen Wahrheiten , aber die Geschichte erinnert sie sich . ||| 0-0 2-3 3-1 3-2 4-5 5-6 6-7 7-8 8-9 9-10 10-11 10-12 11-13 11-15 11-16 12-14 14-4 14-17 ||| F0= -5.6215 ||| -5.6215
17 ||| diejenigen , die die Arbeit angreifen , vergessen diese einfachen Wahrheiten , aber die Geschichte erinnert sie sich . ||| 0-0 1-1 1-2 2-5 3-3 3-4 4-7 5-8 6-9 7-10 8-11 9-12 10-13 10-14 11-15 11-17 11-18 12-16 14-6 14-19 ||| F0= -7.05022 ||| -7.05022
18 ||| die Geschichte erinnert sich , wie sollen wir . ||| 0-0 0-1 1-2 1-3 1-4 3-5 4-6 5-7 7-8 7-9 ||| F0= -4.48407 ||| -4.48407
18 ||| die Geschichte erinnert sich , wie sollten wir es . ||| 0-0 0-1 1-2 1-3 1-4 3-5 4-6 5-7 7-8 7-9 7-10 ||| F0= -5.37672 ||| -5.37672
18 ||| die Geschichte erinnert sich , wie sollten wir es auch . ||| 0-0 0-1 1-2 1-3 1-4 3-5 4-6 5-7 7-8 7-9 7-10 7-11 ||| F0= -5.9817 ||| -5.9817
19 ||| Richter blockiert vorübergehend das Gesetz , das alle Louisiana Ab@@ t@@ reibungs@@ klin@@ iken schließen könnte ||| 0-0 1-2 2-1 2-3 3-4 4-6 5-15 6-14 7-7 8-8 9-9 9-10 9-11 10-12 10-13 11-5 11-16 ||| F0= -6.23674 ||| -6.23674
19 ||| Richter blockiert vorübergehend Gesetze , die alle Louisiana Ab@@ t@@ reibungs@@ klin@@ iken schließen könnten ||| 0-0 1-2 2-1 2-3 4-5 5-14 6-13 7-6 8-7 9-8 9-9 9-10 10-11 10-12 11-4 11-15 ||| F0= -6.47486 ||| -6.47486
19 ||| Richter blockiert vorübergehend das Recht , das alle Louisiana Ab@@ t@@ reibungs@@ klin@@ iken schließen könnte ||| 0-0 1-2 2-1 2-3 3-4 4-5 4-6 5-15 6-14 7-7 8-8 9-9 9-10 9-11 10-12 10-13 11-16 ||| F0= -6.50553 ||| -6.50553
20 ||| eine Anhörung soll innerhalb eines Monats für den Richter angesetzt werden , um ein dauerhaftes Urteil über das Gesetz zu fällen . ||| 0-0 1-1 2-2 4-9 5-3 6-4 7-5 8-6 9-7 10-8 11-10 11-11 11-12 12-19 12-20 13-13 15-14 16-15 17-16 18-17 19-18 21-21 21-22 ||| F0= -9.50455 ||| -9.50455
20 ||| eine Anhörung soll innerhalb eines Monats für den Richter angesetzt werden , um eine dauer@@ haf@@ tere Regelung über das Gesetz zu fällen . ||| 0-0 1-1 2-2 4-9 5-3 6-4 7-5 8-6 9-7 10-8 11-10 11-11 11-12 12-21 12-22 13-13 15-14 16-17 17-18 18-19 19-20 21-15 21-16 21-23 21-24 ||| F0= -9.85472 ||| -9.85472
20 ||| eine Anhörung soll innerhalb eines Monats für den Richter angesetzt werden , um eine dauer@@ haf@@ tere Regelung über das Gesetz zu treffen . ||| 0-0 1-1 2-2 4-9 5-3 6-4 7-5 8-6 9-7 10-8 11-10 11-11 11-12 12-21 12-22 13-13 15-14 16-17 17-18 18-19 19-20 21-15 21-16 21-23 21-24 ||| F0= -9.97311 ||| -9.97311
21 ||| Small STU@@ DY : neue Medikamente können bremsen , Eier@@ stock@@ krebs ||| 0-0 1-1 2-2 3-3 4-4 5-5 6-6 7-7 8-8 10-9 12-10 13-11 14-12 ||| F0= -5.86697 ||| -5.86697
21 ||| Small STU@@ DY : neue Medikamente können sich verlangsamen , Eier@@ stock@@ krebs ||| 0-0 1-1 2-2 3-3 4-4 5-5 6-6 7-7 7-8 8-9 10-10 12-11 13-12 14-13 ||| F0= -7.45113 ||| -7.45113
21 ||| Small STU@@ DY : neue Medikamente können bremsen , Ö@@ vari@@ an-@@ Krebs ||| 0-0 1-1 2-2 3-3 4-4 5-5 6-6 7-7 8-8 10-9 11-10 12-11 13-12 14-13 ||| F0= -8.14255 ||| -8.14255
22 ||| die Forscher verfolgten die Frauen@@ arz@@ t@@ reisen über sieben Jahre hinweg . ||| 0-0 1-1 2-2 2-11 3-3 4-4 6-5 7-6 7-7 8-8 9-9 10-10 11-12 12-13 ||| F0= -6.36367 ||| -6.36367
22 ||| die Forscher verfolgen die Frauen@@ arz@@ t@@ reisen über sieben Jahre hinweg . ||| 0-0 1-1 2-2 2-11 3-3 4-4 6-5 7-6 7-7 8-8 9-9 10-10 11-12 12-13 ||| F0= -6.4506 ||| -6.4506
22 ||| die Forscher verfolgten die Frauen@@ arz@@ t@@ -Rei@@ se über sieben Jahre hinweg . ||| 0-0 1-1 2-2 2-12 3-3 4-4 6-5 7-6 7-7 7-8 8-9 9-10 10-11 11-13 12-14 ||| F0= -6.84013 ||| -6.84013
23 ||| ältere Frauen und jene , deren Krebs zum Zeitpunkt der Diagnose fortgeschritt@@ ener war , hatten die ärmsten Überlebens@@ raten . ||| 0-0 1-1 2-2 3-3 4-4 4-5 5-6 7-11 9-7 11-8 12-9 13-10 14-15 15-16 16-17 17-18 18-19 19-20 20-12 20-13 20-14 20-21 ||| F0= -8.03739 ||| -8.03739
23 ||| ältere Frauen und jene , deren Krebs zum Zeitpunkt der Diagnose fortgeschritt@@ ener war , hatten die ärm@@ ste Überlebens@@ rate . ||| 0-0 1-1 2-2 3-3 4-4 4-5 5-6 7-11 9-7 11-8 12-9 13-10 14-15 15-16 16-17 17-19 18-20 19-21 20-12 20-13 20-14 20-18 20-22 ||| F0= -8.40032 ||| -8.40032
23 ||| ältere Frauen und jene , deren Krebs zum Zeitpunkt der Diagnose fortgeschritt@@ ener war , hatten die ärm@@ ste Überleben@@ sin@@ tensität . ||| 0-0 1-1 2-2 3-3 4-4 4-5 5-6 7-11 9-7 11-8 12-9 13-10 14-15 15-16 16-17 17-19 18-20 18-21 20-12 20-13 20-14 20-18 20-22 20-23 ||| F0= -11.1397 ||| -11.1397
24 ||| Garten@@ zentren rue fallen bei Haus@@ besitzern . ||| 0-0 1-1 2-2 3-3 4-4 5-5 6-6 8-7 8-8 ||| F0= -5.81028 ||| -5.81028
24 ||| Garten@@ zentren rue fallen bei Haus@@ besitzern an . ||| 0-0 1-1 2-2 3-3 4-4 5-5 6-6 8-7 8-8 8-9 ||| F0= -5.94881 ||| -5.94881
24 ||| Garten@@ center rue fällt in Eigen@@ heim@@ besitzern . ||| 0-0 1-1 2-2 3-3 4-4 5-5 5-6 6-7 8-8 8-9 ||| F0= -6.37836 ||| -6.37836
25 ||| der TV-S@@ ender stopp@@ te etwa 40 Minuten lang den Rundfunk , hat aber inzwischen begonnen , erneut auszu@@ strahlen . ||| 0-0 1-1 2-2 3-3 3-11 4-5 4-8 4-9 4-10 7-6 8-7 11-12 12-13 12-14 13-15 14-16 15-18 15-19 16-17 17-20 18-4 18-21 ||| F0= -9.17754 ||| -9.17754
25 ||| der TV-S@@ ender stopp@@ te etwa 40 Minuten lang den Rundfunk , hat aber inzwischen begonnen , wieder auszu@@ strahlen . ||| 0-0 1-1 2-2 3-3 3-11 4-5 4-8 4-9 4-10 7-6 8-7 11-12 12-13 12-14 13-15 14-16 15-18 15-19 16-17 17-20 18-4 18-21 ||| F0= -10.0814 ||| -10.0814
25 ||| der TV-S@@ ender stopp@@ te etwa 40 Minuten lang den Rundfunk , hat aber inzwischen begonnen , wieder zu strahlen . ||| 0-0 1-1 2-2 3-3 3-11 4-5 4-8 4-9 4-10 7-6 8-7 11-12 12-13 12-14 13-15 14-16 15-18 15-19 16-17 18-4 18-20 18-21 ||| F0= -11.6604 ||| -11.6604
26 ||| rund einen Kilometer entfernt stießen sie auf Sicherheits@@ dienste , bewaffnet mit Stö@@ cken und Steinen . ||| 0-0 1-1 2-2 3-3 5-5 6-4 8-6 9-7 11-8 12-9 13-10 14-11 15-12 16-14 17-15 18-16 19-13 19-17 ||| F0= -5.2624 ||| -5.2624
26 ||| etwa einen Kilometer entfernt stießen sie auf Sicherheits@@ dienste , bewaffnet mit Stö@@ cken und Steinen . ||| 0-0 1-1 2-2 3-3 5-5 6-4 8-6 9-7 11-8 12-9 13-10 14-11 15-12 16-14 17-15 18-16 19-13 19-17 ||| F0= -5.34457 ||| -5.34457
26 ||| rund einen Kilometer entfernt stießen sie auf die Sicherheits@@ dienste , die mit Stö@@ cken und Steinen bewaffnet waren . ||| 0-0 1-1 2-2 3-3 5-5 6-4 8-6 9-7 9-8 11-9 12-10 13-11 13-12 13-17 15-13 16-15 17-16 19-14 19-18 19-19 19-20 ||| F0= -8.43443 ||| -8.43443
27 ||| die Polizei setzte T@@ rän@@ eng@@ as ein . ||| 0-0 1-1 2-2 3-3 3-4 4-5 4-6 6-7 6-8 6-9 ||| F0= -0.475751 ||| -0.475751
27 ||| die Polizei nutzte T@@ rän@@ eng@@ as . ||| 0-0 1-1 2-2 3-3 3-4 4-5 4-6 6-7 6-8 ||| F0= -2.91413 ||| -2.91413
27 ||| die Polizei verwendete T@@ rän@@ eng@@ as . ||| 0-0 1-1 2-2 3-3 3-4 4-5 4-6 6-7 6-8 ||| F0= -3.50689 ||| -3.50689
28 ||| die Demonstranten forderten Shar@@ if Rücktritt , den er ablehnte . ||| 0-0 1-1 2-2 3-3 4-4 6-5 8-7 9-8 10-9 11-10 12-6 12-11 ||| F0= -3.64696 ||| -3.64696
28 ||| die Demonstranten verlangten Shar@@ if Rücktritt , was er ablehnte . ||| 0-0 1-1 2-2 3-3 4-4 6-5 8-7 9-8 10-9 11-10 12-6 12-11 ||| F0= -3.69592 ||| -3.69592
28 ||| die Demonstranten forderten Shar@@ if Rücktritt , den er sich weigerte . ||| 0-0 1-1 2-2 3-3 4-4 6-5 8-7 9-8 10-9 10-10 11-11 12-6 12-12 ||| F0= -5.47225 ||| -5.47225
29 ||| das Militär spielt eine wichtige Rolle in Pakistan und hat in der Vergangenheit mehrfach die Macht ergriffen . ||| 0-0 1-1 2-2 3-3 4-4 5-5 6-6 7-7 10-9 10-16 11-14 11-15 14-10 14-13 17-11 18-12 20-8 20-17 20-18 ||| F0= -4.25976 ||| -4.25976
29 ||| das Militär spielt in Pakistan eine wichtige Rolle und hat in der Vergangenheit mehrfach die Macht ergriffen . ||| 0-0 1-1 2-2 3-3 3-5 4-6 5-7 7-4 10-9 10-16 11-14 11-15 14-13 16-10 17-11 18-12 20-8 20-17 20-18 ||| F0= -4.37176 ||| -4.37176
29 ||| das Militär spielt in Pakistan eine wichtige Rolle und hat in der Vergangenheit mehrfach die Macht übernommen . ||| 0-0 1-1 2-2 3-3 3-5 4-6 5-7 7-4 10-9 10-16 11-14 11-15 12-17 14-13 16-10 17-11 18-12 20-8 20-18 ||| F0= -4.58379 ||| -4.58379
