adagrad_gt
master_parameters
Total number of parameters: 21735680
