238.75
245.75
240.42
233.51
239.68
254.64
256.66
244.06
245.94
236.58
