[[ 0.00052343 -0.00056336  0.00047079 ...,  0.          0.          0.        ]]
