238.74
245.65
239.98
231.62
230.46
233.95
229.32
212.29
209.17
199.81
